0 use vmc or spring suit tools

1 gem install vmc

2 C:\Users\QinJifa>vmc target api.cloudfoundry.com
Setting target to https://api.cloudfoundry.com... OK

C:\Users\QinJifa>vmc login
target: https://api.cloudfoundry.com

Email> 1191066931@qq.com

Password> ********

Authenticating... OK

C:\Users\QinJifa>vmc passwd
New Password> *********

Verify Password> *********

Changing password... OK

C:\Users\QinJifa>cd D:\document\public\workspaceynedut5new\.metadata\.me_tcat\webapps

C:\Users\QinJifa>d:

D:\document\public\workspaceynedut5new\.metadata\.me_tcat\webapps>cd vmc

D:\document\public\workspaceynedut5new\.metadata\.me_tcat\webapps\vmc>vmc push
Name> vmc

Instances> 1

1: java_web
2: other
Framework> java_web

1: java
2: java7
3: other
Runtime> 1

1: 64M
2: 128M
3: 256M
4: 512M
5: 1G
6: 2G
Memory Limit> 512M

Creating vmc... OK

1: vmc.cloudfoundry.com
2: none
URL> vmc.cloudfoundry.com

Updating vmc... FAILED
The URI: "vmc.cloudfoundry.com" has already been taken or reserved

1: vmc.cloudfoundry.com
2: none
URL> orange.cloudfoundry.com

Updating vmc... FAILED
The URI: "orange.cloudfoundry.com" has already been taken or reserved

1: vmc.cloudfoundry.com
2: none
URL> vmc.cloudfoundry.com
1: orange.cloudfoundry.com
2: none
URL> orangeyts.cloudfoundry.com

Updating vmc... OK

Create services for application?> y

1: mongodb 2.0
2: mysql 5.1
3: postgresql 9.0
4: rabbitmq 2.4
5: redis 2.6
6: redis 2.4
7: redis 2.2
What kind?> 2

Name?> mysql-2aa83

Creating service mysql-2aa83... OK
Binding mysql-2aa83 to vmc... OK
Create another service?> n

Bind other services to application?> n

Save configuration?> y

Saving to manifest.yml... OK
Uploading vmc... OK
Using manifest file manifest.yml

Starting vmc... OK
Checking vmc... OK
